#
# There is insufficient memory for the Java Runtime Environment to continue.
# Native memory allocation (malloc) failed to allocate 1072976 bytes. Error detail: Chunk::new
# Possible reasons:
#   The system is out of physical RAM or swap space
#   This process is running with CompressedOops enabled, and the Java Heap may be blocking the growth of the native heap
# Possible solutions:
#   Reduce memory load on the system
#   Increase physical memory or swap space
#   Check if swap backing store is full
#   Decrease Java heap size (-Xmx/-Xms)
#   Decrease number of Java threads
#   Decrease Java thread stack sizes (-Xss)
#   Set larger code cache with -XX:ReservedCodeCacheSize=
#   JVM is running with Unscaled Compressed Oops mode in which the Java heap is
#     placed in the first 4GB address space. The Java Heap base address is the
#     maximum limit for the native heap growth. Please use -XX:HeapBaseMinAddress
#     to set the Java Heap base and to place the Java Heap above 4GB virtual address.
# This output file may be truncated or incomplete.
#
#  Out of Memory Error (arena.cpp:168), pid=11832, tid=16472
#
# JRE version: OpenJDK Runtime Environment Temurin-21.0.10+7 (21.0.10+7) (build 21.0.10+7-LTS)
# Java VM: OpenJDK 64-Bit Server VM Temurin-21.0.10+7 (21.0.10+7-LTS, mixed mode, sharing, tiered, compressed oops, compressed class ptrs, parallel gc, windows-amd64)
# No core dump will be written. Minidumps are not enabled by default on client versions of Windows
#

---------------  S U M M A R Y ------------

Command Line: --add-modules=ALL-SYSTEM --add-opens=java.base/java.util=ALL-UNNAMED --add-opens=java.base/java.lang=ALL-UNNAMED --add-opens=java.base/sun.nio.fs=ALL-UNNAMED -Declipse.application=org.eclipse.jdt.ls.core.id1 -Dosgi.bundles.defaultStartLevel=4 -Declipse.product=org.eclipse.jdt.ls.core.product -Djava.import.generatesMetadataFilesAtProjectRoot=false -DDetectVMInstallationsJob.disabled=true -Dfile.encoding=utf8 -XX:+UseParallelGC -XX:GCTimeRatio=4 -XX:AdaptiveSizePolicyWeight=90 -Dsun.zip.disableMemoryMapping=true -Xmx2G -Xms100m -Xlog:disable -javaagent:c:\Users\robin\.vscode\extensions\redhat.java-1.53.0-win32-x64\lombok\lombok-1.18.39-4050.jar -XX:+HeapDumpOnOutOfMemoryError -XX:HeapDumpPath=c:\Users\robin\AppData\Roaming\Code\User\workspaceStorage\481f3cc3b0df34cfafc656a464b632d7\redhat.java -Daether.dependencyCollector.impl=bf c:\Users\robin\.vscode\extensions\redhat.java-1.53.0-win32-x64\server\plugins\org.eclipse.equinox.launcher_1.7.100.v20251111-0406.jar -configuration c:\Users\robin\AppData\Roaming\Code\User\globalStorage\redhat.java\1.53.0\config_win -data c:\Users\robin\AppData\Roaming\Code\User\workspaceStorage\481f3cc3b0df34cfafc656a464b632d7\redhat.java\jdt_ws --pipe=\\.\pipe\lsp-f3acf3d6f1ab848f0f2291bcab2101b2-sock

Host: Intel(R) Core(TM) i3-1005G1 CPU @ 1.20GHz, 4 cores, 3G,  Windows 11 , 64 bit Build 26100 (10.0.26100.7705)
Time: Sun Mar  1 06:51:10 2026 Hora est. Pacífico, Sudamérica elapsed time: 7469.958372 seconds (0d 2h 4m 29s)

---------------  T H R E A D  ---------------

Current thread (0x0000016d16f5e4b0):  JavaThread "C2 CompilerThread0" daemon [_thread_in_native, id=16472, stack(0x00000011f5e00000,0x00000011f5f00000) (1024K)]


Current CompileTask:
C2:7469958 29562       4       org.mapstruct.ap.shaded.freemarker.core.UnifiedCall::accept (321 bytes)

Stack: [0x00000011f5e00000,0x00000011f5f00000]
Native frames: (J=compiled Java code, j=interpreted, Vv=VM code, C=native code)
V  [jvm.dll+0x6d7a39]
V  [jvm.dll+0x8b4b26]
V  [jvm.dll+0x8b70de]
V  [jvm.dll+0x8b77c3]
V  [jvm.dll+0x284346]
V  [jvm.dll+0xc66ed]
V  [jvm.dll+0xc6c31]
V  [jvm.dll+0x2fb29e]
V  [jvm.dll+0x5fe884]
V  [jvm.dll+0x255b17]
V  [jvm.dll+0x255edd]
V  [jvm.dll+0x24e500]
V  [jvm.dll+0x24ba42]
V  [jvm.dll+0x1cb34e]
V  [jvm.dll+0x25b85d]
V  [jvm.dll+0x259dea]
V  [jvm.dll+0x3f857e]
V  [jvm.dll+0x85f59d]
V  [jvm.dll+0x6d626d]
C  [ucrtbase.dll+0x37b0]
C  [KERNEL32.DLL+0x2e8d7]
C  [ntdll.dll+0x8c40c]


---------------  P R O C E S S  ---------------

Threads class SMR info:
_java_thread_list=0x0000016d797ecc80, length=46, elements={
0x0000016d1705a770, 0x0000016d16f4e700, 0x0000016d16f51020, 0x0000016d16f52010,
0x0000016d16f55670, 0x0000016d16f58710, 0x0000016d16f592a0, 0x0000016d16f5e4b0,
0x0000016d16ff3660, 0x0000016d6f7fddf0, 0x0000016d6f911710, 0x0000016d7442f030,
0x0000016d7451a670, 0x0000016d7451ace0, 0x0000016d7457aed0, 0x0000016d74899fb0,
0x0000016d7489c080, 0x0000016d7489b9f0, 0x0000016d7489a640, 0x0000016d75ee4e20,
0x0000016d75ee5b40, 0x0000016d75ee26c0, 0x0000016d75ee33e0, 0x0000016d75ee61d0,
0x0000016d75ee2d50, 0x0000016d75ee6ef0, 0x0000016d75ee3a70, 0x0000016d75ee7580,
0x0000016d75ee7c10, 0x0000016d7872d3e0, 0x0000016d78729f60, 0x0000016d7872ac80,
0x0000016d7872b310, 0x0000016d777167a0, 0x0000016d7771a2b0, 0x0000016d77717b50,
0x0000016d7771d0a0, 0x0000016d7771ddc0, 0x0000016d75592f00, 0x0000016d75590e30,
0x0000016d7558fa80, 0x0000016d75594fd0, 0x0000016d75595660, 0x0000016d75596a10,
0x0000016d75ee4790, 0x0000016d75ee54b0
}

Java Threads: ( => current thread )
  0x0000016d1705a770 JavaThread "main"                              [_thread_blocked, id=2084, stack(0x00000011f5400000,0x00000011f5500000) (1024K)]
  0x0000016d16f4e700 JavaThread "Reference Handler"          daemon [_thread_blocked, id=7000, stack(0x00000011f5800000,0x00000011f5900000) (1024K)]
  0x0000016d16f51020 JavaThread "Finalizer"                  daemon [_thread_blocked, id=15184, stack(0x00000011f5900000,0x00000011f5a00000) (1024K)]
  0x0000016d16f52010 JavaThread "Signal Dispatcher"          daemon [_thread_blocked, id=17128, stack(0x00000011f5a00000,0x00000011f5b00000) (1024K)]
  0x0000016d16f55670 JavaThread "Attach Listener"            daemon [_thread_blocked, id=13584, stack(0x00000011f5b00000,0x00000011f5c00000) (1024K)]
  0x0000016d16f58710 JavaThread "Service Thread"             daemon [_thread_blocked, id=6288, stack(0x00000011f5c00000,0x00000011f5d00000) (1024K)]
  0x0000016d16f592a0 JavaThread "Monitor Deflation Thread"   daemon [_thread_blocked, id=15004, stack(0x00000011f5d00000,0x00000011f5e00000) (1024K)]
=>0x0000016d16f5e4b0 JavaThread "C2 CompilerThread0"         daemon [_thread_in_native, id=16472, stack(0x00000011f5e00000,0x00000011f5f00000) (1024K)]
  0x0000016d16ff3660 JavaThread "C1 CompilerThread0"         daemon [_thread_blocked, id=4696, stack(0x00000011f5f00000,0x00000011f6000000) (1024K)]
  0x0000016d6f7fddf0 JavaThread "Common-Cleaner"             daemon [_thread_blocked, id=15708, stack(0x00000011f6000000,0x00000011f6100000) (1024K)]
  0x0000016d6f911710 JavaThread "Notification Thread"        daemon [_thread_blocked, id=12484, stack(0x00000011f6100000,0x00000011f6200000) (1024K)]
  0x0000016d7442f030 JavaThread "Active Thread: Equinox Container: d8eef42a-6fbf-4e82-b916-31efbed8fdec"        [_thread_blocked, id=2996, stack(0x00000011f6900000,0x00000011f6a00000) (1024K)]
  0x0000016d7451a670 JavaThread "Framework Event Dispatcher: Equinox Container: d8eef42a-6fbf-4e82-b916-31efbed8fdec" daemon [_thread_blocked, id=8652, stack(0x00000011f6a00000,0x00000011f6b00000) (1024K)]
  0x0000016d7451ace0 JavaThread "Start Level: Equinox Container: d8eef42a-6fbf-4e82-b916-31efbed8fdec" daemon [_thread_blocked, id=10936, stack(0x00000011f6b00000,0x00000011f6c00000) (1024K)]
  0x0000016d7457aed0 JavaThread "Bundle File Closer"         daemon [_thread_blocked, id=16932, stack(0x00000011f6c00000,0x00000011f6d00000) (1024K)]
  0x0000016d74899fb0 JavaThread "Refresh Thread: Equinox Container: d8eef42a-6fbf-4e82-b916-31efbed8fdec" daemon [_thread_blocked, id=15144, stack(0x00000011f6d00000,0x00000011f6e00000) (1024K)]
  0x0000016d7489c080 JavaThread "SCR Component Actor"        daemon [_thread_blocked, id=14624, stack(0x00000011f6600000,0x00000011f6700000) (1024K)]
  0x0000016d7489b9f0 JavaThread "Worker-JM"                         [_thread_blocked, id=14144, stack(0x00000011f6700000,0x00000011f6800000) (1024K)]
  0x0000016d7489a640 JavaThread "Java indexing"              daemon [_thread_blocked, id=3148, stack(0x00000011f6500000,0x00000011f6600000) (1024K)]
  0x0000016d75ee4e20 JavaThread "JNA Cleaner"                daemon [_thread_blocked, id=12644, stack(0x00000011f7100000,0x00000011f7200000) (1024K)]
  0x0000016d75ee5b40 JavaThread "Thread-1"                   daemon [_thread_in_native, id=14040, stack(0x00000011f7600000,0x00000011f7700000) (1024K)]
  0x0000016d75ee26c0 JavaThread "Thread-2"                   daemon [_thread_in_native, id=17240, stack(0x00000011f7700000,0x00000011f7800000) (1024K)]
  0x0000016d75ee33e0 JavaThread "Thread-3"                   daemon [_thread_in_native, id=11444, stack(0x00000011f7800000,0x00000011f7900000) (1024K)]
  0x0000016d75ee61d0 JavaThread "Thread-4"                   daemon [_thread_in_native, id=13528, stack(0x00000011f7900000,0x00000011f7a00000) (1024K)]
  0x0000016d75ee2d50 JavaThread "Thread-5"                   daemon [_thread_in_native, id=16320, stack(0x00000011f7a00000,0x00000011f7b00000) (1024K)]
  0x0000016d75ee6ef0 JavaThread "pool-2-thread-1"                   [_thread_blocked, id=12936, stack(0x00000011f7b00000,0x00000011f7c00000) (1024K)]
  0x0000016d75ee3a70 JavaThread "WorkspaceEventsHandler"            [_thread_blocked, id=1300, stack(0x00000011f7e00000,0x00000011f7f00000) (1024K)]
  0x0000016d75ee7580 JavaThread "pool-1-thread-1"                   [_thread_blocked, id=16920, stack(0x00000011f7f00000,0x00000011f8000000) (1024K)]
  0x0000016d75ee7c10 JavaThread "Cleaner-0"                  daemon [_thread_blocked, id=10328, stack(0x00000011f5300000,0x00000011f5400000) (1024K)]
  0x0000016d7872d3e0 JavaThread "Worker-51"                         [_thread_blocked, id=3428, stack(0x00000011f7000000,0x00000011f7100000) (1024K)]
  0x0000016d78729f60 JavaThread "Worker-54"                         [_thread_blocked, id=13264, stack(0x00000011f6e00000,0x00000011f6f00000) (1024K)]
  0x0000016d7872ac80 JavaThread "Worker-55"                         [_thread_blocked, id=10724, stack(0x00000011f6f00000,0x00000011f7000000) (1024K)]
  0x0000016d7872b310 JavaThread "ForkJoinPool.commonPool-worker-34" daemon [_thread_blocked, id=17544, stack(0x00000011f7200000,0x00000011f7300000) (1024K)]
  0x0000016d777167a0 JavaThread "Worker-57"                         [_thread_blocked, id=17132, stack(0x00000011f5200000,0x00000011f5300000) (1024K)]
  0x0000016d7771a2b0 JavaThread "Worker-58: Building"               [_thread_blocked, id=17488, stack(0x00000011f6800000,0x00000011f6900000) (1024K)]
  0x0000016d77717b50 JavaThread "Compiler Source File Reader" daemon [_thread_blocked, id=15288, stack(0x00000011f7300000,0x00000011f7400000) (1024K)]
  0x0000016d7771d0a0 JavaThread "ForkJoinPool.commonPool-worker-36" daemon [_thread_blocked, id=14516, stack(0x00000011f7400000,0x00000011f7500000) (1024K)]
  0x0000016d7771ddc0 JavaThread "ForkJoinPool.commonPool-worker-37" daemon [_thread_blocked, id=14852, stack(0x00000011f7500000,0x00000011f7600000) (1024K)]
  0x0000016d75592f00 JavaThread "Worker-59"                         [_thread_blocked, id=17228, stack(0x00000011f7c00000,0x00000011f7d00000) (1024K)]
  0x0000016d75590e30 JavaThread "LocalFile Deleter"          daemon [_thread_blocked, id=2068, stack(0x00000011f7d00000,0x00000011f7e00000) (1024K)]
  0x0000016d7558fa80 JavaThread "LocalFile Deleter"          daemon [_thread_blocked, id=17860, stack(0x00000011f8000000,0x00000011f8100000) (1024K)]
  0x0000016d75594fd0 JavaThread "LocalFile Deleter"          daemon [_thread_blocked, id=8328, stack(0x00000011f8100000,0x00000011f8200000) (1024K)]
  0x0000016d75595660 JavaThread "LocalFile Deleter"          daemon [_thread_blocked, id=160, stack(0x00000011f8200000,0x00000011f8300000) (1024K)]
  0x0000016d75596a10 JavaThread "Compiler Source File Reader" daemon [_thread_blocked, id=17524, stack(0x00000011f8300000,0x00000011f8400000) (1024K)]
  0x0000016d75ee4790 JavaThread "Compiler Processing Task"   daemon [_thread_in_Java, id=15088, stack(0x00000011f8400000,0x00000011f8500000) (1024K)]
  0x0000016d75ee54b0 JavaThread "Compiler Class File Writer" daemon [_thread_blocked, id=12788, stack(0x00000011f8500000,0x00000011f8600000) (1024K)]
Total: 46

Other Threads:
  0x0000016d1711b040 VMThread "VM Thread"                           [id=8580, stack(0x00000011f5700000,0x00000011f5800000) (1024K)]
  0x0000016d170c8350 WatcherThread "VM Periodic Task Thread"        [id=15724, stack(0x00000011f5600000,0x00000011f5700000) (1024K)]
  0x0000016d170794f0 WorkerThread "GC Thread#0"                     [id=11348, stack(0x00000011f5500000,0x00000011f5600000) (1024K)]
  0x0000016d6f975580 WorkerThread "GC Thread#1"                     [id=12860, stack(0x00000011f6200000,0x00000011f6300000) (1024K)]
  0x0000016d6f975930 WorkerThread "GC Thread#2"                     [id=15764, stack(0x00000011f6300000,0x00000011f6400000) (1024K)]
  0x0000016d74007a70 WorkerThread "GC Thread#3"                     [id=6016, stack(0x00000011f6400000,0x00000011f6500000) (1024K)]
Total: 6

Threads with active compile tasks:
C2 CompilerThread0  7470064 29562       4       org.mapstruct.ap.shaded.freemarker.core.UnifiedCall::accept (321 bytes)
Total: 1

VM state: not at safepoint (normal execution)

VM Mutex/Monitor currently owned by a thread: None

Heap address: 0x0000000080000000, size: 2048 MB, Compressed Oops mode: 32-bit

CDS archive(s) mapped at: [0x0000016d2e000000-0x0000016d2eba0000-0x0000016d2eba0000), size 12189696, SharedBaseAddress: 0x0000016d2e000000, ArchiveRelocationMode: 1.
Compressed class space mapped at: 0x0000016d2f000000-0x0000016d6f000000, reserved size: 1073741824
Narrow klass base: 0x0000016d2e000000, Narrow klass shift: 0, Narrow klass range: 0x100000000

GC Precious Log:
 CardTable entry size: 512
 CPUs: 4 total, 4 available
 Memory: 3787M
 Large Page Support: Disabled
 NUMA Support: Disabled
 Compressed Oops: Enabled (32-bit)
 Alignments: Space 512K, Generation 512K, Heap 2M
 Heap Min Capacity: 100M
 Heap Initial Capacity: 100M
 Heap Max Capacity: 2G
 Pre-touch: Disabled
 Parallel Workers: 4

Heap:
 PSYoungGen      total 17920K, used 16852K [0x00000000d5580000, 0x00000000d7200000, 0x0000000100000000)
  eden space 16384K, 95% used [0x00000000d5580000,0x00000000d64b92d8,0x00000000d6580000)
  from space 1536K, 82% used [0x00000000d7080000,0x00000000d71bc010,0x00000000d7200000)
  to   space 2560K, 0% used [0x00000000d6d00000,0x00000000d6d00000,0x00000000d6f80000)
 ParOldGen       total 1011712K, used 902278K [0x0000000080000000, 0x00000000bdc00000, 0x00000000d5580000)
  object space 1011712K, 89% used [0x0000000080000000,0x00000000b7121938,0x00000000bdc00000)
 Metaspace       used 102359K, committed 105152K, reserved 1179648K
  class space    used 10428K, committed 11712K, reserved 1048576K

Card table byte_map: [0x0000016d16a00000,0x0000016d16e10000] _byte_map_base: 0x0000016d16600000

Marking Bits: (ParMarkBitMap*) 0x00007ff856da3450
 Begin Bits: [0x0000016d29510000, 0x0000016d2b510000)
 End Bits:   [0x0000016d2b510000, 0x0000016d2d510000)

Polling page: 0x0000016d14c90000

Metaspace:

Usage:
  Non-class:     89.78 MB used.
      Class:     10.18 MB used.
       Both:     99.96 MB used.

Virtual space:
  Non-class space:      128.00 MB reserved,      91.25 MB ( 71%) committed,  2 nodes.
      Class space:        1.00 GB reserved,      11.44 MB (  1%) committed,  1 nodes.
             Both:        1.12 GB reserved,     102.69 MB (  9%) committed. 

Chunk freelists:
   Non-Class:  5.27 MB
       Class:  4.94 MB
        Both:  10.21 MB

MaxMetaspaceSize: unlimited
CompressedClassSpaceSize: 1.00 GB
Initial GC threshold: 21.00 MB
Current GC threshold: 170.94 MB
CDS: on
 - commit_granule_bytes: 65536.
 - commit_granule_words: 8192.
 - virtual_space_node_default_size: 8388608.
 - enlarge_chunks_in_place: 1.
 - use_allocation_guard: 0.


Internal statistics:

num_allocs_failed_limit: 9.
num_arena_births: 2120.
num_arena_deaths: 494.
num_vsnodes_births: 3.
num_vsnodes_deaths: 0.
num_space_committed: 1687.
num_space_uncommitted: 34.
num_chunks_returned_to_freelist: 824.
num_chunks_taken_from_freelist: 7569.
num_chunk_merges: 200.
num_chunk_splits: 4374.
num_chunks_enlarged: 2511.
num_inconsistent_stats: 0.

CodeHeap 'non-profiled nmethods': size=120000Kb used=28069Kb max_used=28652Kb free=91930Kb
 bounds [0x0000016d21d30000, 0x0000016d23930000, 0x0000016d29260000]
CodeHeap 'profiled nmethods': size=120000Kb used=52934Kb max_used=60782Kb free=67065Kb
 bounds [0x0000016d1a260000, 0x0000016d1ddc0000, 0x0000016d21790000]
CodeHeap 'non-nmethods': size=5760Kb used=1571Kb max_used=1634Kb free=4188Kb
 bounds [0x0000016d21790000, 0x0000016d21a00000, 0x0000016d21d30000]
CodeCache: size=245760Kb, used=82574Kb, max_used=91068Kb, free=163183Kb
 total_blobs=22547, nmethods=21652, adapters=795, full_count=0
Compilation: enabled, stopped_count=0, restarted_count=0

Compilation events (20 events):
Event: 7469.517 Thread 0x0000016d16ff3660 29593       3       java.lang.invoke.LambdaForm$MH/0x0000016d2fac3400::invoke (42 bytes)
Event: 7469.521 Thread 0x0000016d16ff3660 nmethod 29593 0x0000016d1cf57790 code [0x0000016d1cf579c0, 0x0000016d1cf58300]
Event: 7469.524 Thread 0x0000016d16ff3660 29594       1       org.mapstruct.ap.internal.model.NormalTypeMappingMethod::isOverridden (5 bytes)
Event: 7469.524 Thread 0x0000016d16ff3660 nmethod 29594 0x0000016d22b50210 code [0x0000016d22b503a0, 0x0000016d22b50470]
Event: 7469.532 Thread 0x0000016d16ff3660 29595       1       org.mapstruct.ap.internal.model.MappingMethod::getAccessibility (5 bytes)
Event: 7469.535 Thread 0x0000016d16ff3660 nmethod 29595 0x0000016d22b4ff10 code [0x0000016d22b500a0, 0x0000016d22b50168]
Event: 7469.536 Thread 0x0000016d16ff3660 29596       1       org.mapstruct.ap.internal.model.MappingMethod::getBeforeMappingReferencesWithoutMappingTarget (5 bytes)
Event: 7469.537 Thread 0x0000016d16ff3660 nmethod 29596 0x0000016d22b4fc10 code [0x0000016d22b4fda0, 0x0000016d22b4fe68]
Event: 7469.540 Thread 0x0000016d16ff3660 29597       1       org.mapstruct.ap.internal.model.MappingMethod::getBeforeMappingReferencesWithMappingTarget (5 bytes)
Event: 7469.544 Thread 0x0000016d16ff3660 nmethod 29597 0x0000016d22b4f910 code [0x0000016d22b4faa0, 0x0000016d22b4fb68]
Event: 7469.551 Thread 0x0000016d16ff3660 29598       1       org.mapstruct.ap.internal.model.MappingMethod::getAfterMappingReferences (5 bytes)
Event: 7469.551 Thread 0x0000016d16ff3660 nmethod 29598 0x0000016d22b4f610 code [0x0000016d22b4f7a0, 0x0000016d22b4f868]
Event: 7469.557 Thread 0x0000016d16ff3660 29599       3       org.eclipse.core.internal.resources.Container::getDefaultCharset (6 bytes)
Event: 7469.560 Thread 0x0000016d16ff3660 nmethod 29599 0x0000016d1d4fd190 code [0x0000016d1d4fd340, 0x0000016d1d4fd518]
Event: 7469.593 Thread 0x0000016d16ff3660 29600       3       org.mapstruct.ap.internal.gem.MappingControlsGem::<init> (43 bytes)
Event: 7469.602 Thread 0x0000016d16ff3660 nmethod 29600 0x0000016d1d4fcb90 code [0x0000016d1d4fcd40, 0x0000016d1d4fd050]
Event: 7469.615 Thread 0x0000016d16ff3660 29601   !   3       org.mapstruct.ap.internal.util.Filters::recordAccessorsIn (100 bytes)
Event: 7469.631 Thread 0x0000016d16ff3660 nmethod 29601 0x0000016d1bde4810 code [0x0000016d1bde4ba0, 0x0000016d1bde6498]
Event: 7469.631 Thread 0x0000016d16ff3660 29602       3       org.mapstruct.ap.internal.util.Filters::getterMethodsIn (53 bytes)
Event: 7469.642 Thread 0x0000016d16ff3660 nmethod 29602 0x0000016d1bfa3890 code [0x0000016d1bfa3b80, 0x0000016d1bfa4d08]

GC Heap History (20 events):
Event: 7279.434 GC heap before
{Heap before GC invocations=2997 (full 6):
 PSYoungGen      total 16896K, used 16890K [0x00000000d5580000, 0x00000000d6a80000, 0x0000000100000000)
  eden space 16384K, 100% used [0x00000000d5580000,0x00000000d6580000,0x00000000d6580000)
  from space 512K, 98% used [0x00000000d6a00000,0x00000000d6a7e920,0x00000000d6a80000)
  to   space 2048K, 0% used [0x00000000d6680000,0x00000000d6680000,0x00000000d6880000)
 ParOldGen       total 1011712K, used 834336K [0x0000000080000000, 0x00000000bdc00000, 0x00000000d5580000)
  object space 1011712K, 82% used [0x0000000080000000,0x00000000b2ec8128,0x00000000bdc00000)
 Metaspace       used 102298K, committed 105152K, reserved 1179648K
  class space    used 10419K, committed 11712K, reserved 1048576K
}
Event: 7280.652 GC heap after
{Heap after GC invocations=2997 (full 6):
 PSYoungGen      total 18432K, used 889K [0x00000000d5580000, 0x00000000d6a80000, 0x0000000100000000)
  eden space 16384K, 0% used [0x00000000d5580000,0x00000000d5580000,0x00000000d6580000)
  from space 2048K, 43% used [0x00000000d6680000,0x00000000d675e410,0x00000000d6880000)
  to   space 1536K, 0% used [0x00000000d6900000,0x00000000d6900000,0x00000000d6a80000)
 ParOldGen       total 1011712K, used 834826K [0x0000000080000000, 0x00000000bdc00000, 0x00000000d5580000)
  object space 1011712K, 82% used [0x0000000080000000,0x00000000b2f42a48,0x00000000bdc00000)
 Metaspace       used 102298K, committed 105152K, reserved 1179648K
  class space    used 10419K, committed 11712K, reserved 1048576K
}
Event: 7446.859 GC heap before
{Heap before GC invocations=2998 (full 6):
 PSYoungGen      total 18432K, used 16737K [0x00000000d5580000, 0x00000000d6a80000, 0x0000000100000000)
  eden space 16384K, 96% used [0x00000000d5580000,0x00000000d64fa2e0,0x00000000d6580000)
  from space 2048K, 43% used [0x00000000d6680000,0x00000000d675e410,0x00000000d6880000)
  to   space 1536K, 0% used [0x00000000d6900000,0x00000000d6900000,0x00000000d6a80000)
 ParOldGen       total 1011712K, used 834826K [0x0000000080000000, 0x00000000bdc00000, 0x00000000d5580000)
  object space 1011712K, 82% used [0x0000000080000000,0x00000000b2f42a48,0x00000000bdc00000)
 Metaspace       used 102299K, committed 105152K, reserved 1179648K
  class space    used 10419K, committed 11712K, reserved 1048576K
}
Event: 7447.707 GC heap after
{Heap after GC invocations=2998 (full 6):
 PSYoungGen      total 17920K, used 1056K [0x00000000d5580000, 0x00000000d6a80000, 0x0000000100000000)
  eden space 16384K, 0% used [0x00000000d5580000,0x00000000d5580000,0x00000000d6580000)
  from space 1536K, 68% used [0x00000000d6900000,0x00000000d6a08000,0x00000000d6a80000)
  to   space 1536K, 0% used [0x00000000d6780000,0x00000000d6780000,0x00000000d6900000)
 ParOldGen       total 1011712K, used 835416K [0x0000000080000000, 0x00000000bdc00000, 0x00000000d5580000)
  object space 1011712K, 82% used [0x0000000080000000,0x00000000b2fd63e8,0x00000000bdc00000)
 Metaspace       used 102299K, committed 105152K, reserved 1179648K
  class space    used 10419K, committed 11712K, reserved 1048576K
}
Event: 7448.042 GC heap before
{Heap before GC invocations=2999 (full 6):
 PSYoungGen      total 17920K, used 17440K [0x00000000d5580000, 0x00000000d6a80000, 0x0000000100000000)
  eden space 16384K, 100% used [0x00000000d5580000,0x00000000d6580000,0x00000000d6580000)
  from space 1536K, 68% used [0x00000000d6900000,0x00000000d6a08000,0x00000000d6a80000)
  to   space 1536K, 0% used [0x00000000d6780000,0x00000000d6780000,0x00000000d6900000)
 ParOldGen       total 1011712K, used 835416K [0x0000000080000000, 0x00000000bdc00000, 0x00000000d5580000)
  object space 1011712K, 82% used [0x0000000080000000,0x00000000b2fd63e8,0x00000000bdc00000)
 Metaspace       used 102299K, committed 105152K, reserved 1179648K
  class space    used 10419K, committed 11712K, reserved 1048576K
}
Event: 7448.246 GC heap after
{Heap after GC invocations=2999 (full 6):
 PSYoungGen      total 17920K, used 1507K [0x00000000d5580000, 0x00000000d8b80000, 0x0000000100000000)
  eden space 16384K, 0% used [0x00000000d5580000,0x00000000d5580000,0x00000000d6580000)
  from space 1536K, 98% used [0x00000000d6780000,0x00000000d68f8df0,0x00000000d6900000)
  to   space 19456K, 0% used [0x00000000d7880000,0x00000000d7880000,0x00000000d8b80000)
 ParOldGen       total 1011712K, used 850513K [0x0000000080000000, 0x00000000bdc00000, 0x00000000d5580000)
  object space 1011712K, 84% used [0x0000000080000000,0x00000000b3e944a0,0x00000000bdc00000)
 Metaspace       used 102299K, committed 105152K, reserved 1179648K
  class space    used 10419K, committed 11712K, reserved 1048576K
}
Event: 7448.778 GC heap before
{Heap before GC invocations=3000 (full 6):
 PSYoungGen      total 17920K, used 17891K [0x00000000d5580000, 0x00000000d8b80000, 0x0000000100000000)
  eden space 16384K, 100% used [0x00000000d5580000,0x00000000d6580000,0x00000000d6580000)
  from space 1536K, 98% used [0x00000000d6780000,0x00000000d68f8df0,0x00000000d6900000)
  to   space 19456K, 0% used [0x00000000d7880000,0x00000000d7880000,0x00000000d8b80000)
 ParOldGen       total 1011712K, used 850513K [0x0000000080000000, 0x00000000bdc00000, 0x00000000d5580000)
  object space 1011712K, 84% used [0x0000000080000000,0x00000000b3e944a0,0x00000000bdc00000)
 Metaspace       used 102300K, committed 105152K, reserved 1179648K
  class space    used 10419K, committed 11712K, reserved 1048576K
}
Event: 7448.807 GC heap after
{Heap after GC invocations=3000 (full 6):
 PSYoungGen      total 30208K, used 13802K [0x00000000d5580000, 0x00000000d8600000, 0x0000000100000000)
  eden space 16384K, 0% used [0x00000000d5580000,0x00000000d5580000,0x00000000d6580000)
  from space 13824K, 99% used [0x00000000d7880000,0x00000000d85faa70,0x00000000d8600000)
  to   space 14848K, 0% used [0x00000000d6900000,0x00000000d6900000,0x00000000d7780000)
 ParOldGen       total 1011712K, used 851203K [0x0000000080000000, 0x00000000bdc00000, 0x00000000d5580000)
  object space 1011712K, 84% used [0x0000000080000000,0x00000000b3f40c18,0x00000000bdc00000)
 Metaspace       used 102300K, committed 105152K, reserved 1179648K
  class space    used 10419K, committed 11712K, reserved 1048576K
}
Event: 7463.124 GC heap before
{Heap before GC invocations=3001 (full 6):
 PSYoungGen      total 30208K, used 30186K [0x00000000d5580000, 0x00000000d8600000, 0x0000000100000000)
  eden space 16384K, 100% used [0x00000000d5580000,0x00000000d6580000,0x00000000d6580000)
  from space 13824K, 99% used [0x00000000d7880000,0x00000000d85faa70,0x00000000d8600000)
  to   space 14848K, 0% used [0x00000000d6900000,0x00000000d6900000,0x00000000d7780000)
 ParOldGen       total 1011712K, used 851203K [0x0000000080000000, 0x00000000bdc00000, 0x00000000d5580000)
  object space 1011712K, 84% used [0x0000000080000000,0x00000000b3f40c18,0x00000000bdc00000)
 Metaspace       used 102319K, committed 105152K, reserved 1179648K
  class space    used 10423K, committed 11712K, reserved 1048576K
}
Event: 7463.665 GC heap after
{Heap after GC invocations=3001 (full 6):
 PSYoungGen      total 17408K, used 980K [0x00000000d5580000, 0x00000000d7900000, 0x0000000100000000)
  eden space 16384K, 0% used [0x00000000d5580000,0x00000000d5580000,0x00000000d6580000)
  from space 1024K, 95% used [0x00000000d6900000,0x00000000d69f52c0,0x00000000d6a00000)
  to   space 6144K, 0% used [0x00000000d7300000,0x00000000d7300000,0x00000000d7900000)
 ParOldGen       total 1011712K, used 864845K [0x0000000080000000, 0x00000000bdc00000, 0x00000000d5580000)
  object space 1011712K, 85% used [0x0000000080000000,0x00000000b4c93698,0x00000000bdc00000)
 Metaspace       used 102319K, committed 105152K, reserved 1179648K
  class space    used 10423K, committed 11712K, reserved 1048576K
}
Event: 7464.848 GC heap before
{Heap before GC invocations=3002 (full 6):
 PSYoungGen      total 17408K, used 17364K [0x00000000d5580000, 0x00000000d7900000, 0x0000000100000000)
  eden space 16384K, 100% used [0x00000000d5580000,0x00000000d6580000,0x00000000d6580000)
  from space 1024K, 95% used [0x00000000d6900000,0x00000000d69f52c0,0x00000000d6a00000)
  to   space 6144K, 0% used [0x00000000d7300000,0x00000000d7300000,0x00000000d7900000)
 ParOldGen       total 1011712K, used 864845K [0x0000000080000000, 0x00000000bdc00000, 0x00000000d5580000)
  object space 1011712K, 85% used [0x0000000080000000,0x00000000b4c93698,0x00000000bdc00000)
 Metaspace       used 102320K, committed 105152K, reserved 1179648K
  class space    used 10423K, committed 11712K, reserved 1048576K
}
Event: 7464.987 GC heap after
{Heap after GC invocations=3002 (full 6):
 PSYoungGen      total 22528K, used 6137K [0x00000000d5580000, 0x00000000d7900000, 0x0000000100000000)
  eden space 16384K, 0% used [0x00000000d5580000,0x00000000d5580000,0x00000000d6580000)
  from space 6144K, 99% used [0x00000000d7300000,0x00000000d78fe7d8,0x00000000d7900000)
  to   space 1024K, 0% used [0x00000000d6900000,0x00000000d6900000,0x00000000d6a00000)
 ParOldGen       total 1011712K, used 872700K [0x0000000080000000, 0x00000000bdc00000, 0x00000000d5580000)
  object space 1011712K, 86% used [0x0000000080000000,0x00000000b543f020,0x00000000bdc00000)
 Metaspace       used 102320K, committed 105152K, reserved 1179648K
  class space    used 10423K, committed 11712K, reserved 1048576K
}
Event: 7466.033 GC heap before
{Heap before GC invocations=3003 (full 6):
 PSYoungGen      total 22528K, used 22521K [0x00000000d5580000, 0x00000000d7900000, 0x0000000100000000)
  eden space 16384K, 100% used [0x00000000d5580000,0x00000000d6580000,0x00000000d6580000)
  from space 6144K, 99% used [0x00000000d7300000,0x00000000d78fe7d8,0x00000000d7900000)
  to   space 1024K, 0% used [0x00000000d6900000,0x00000000d6900000,0x00000000d6a00000)
 ParOldGen       total 1011712K, used 872700K [0x0000000080000000, 0x00000000bdc00000, 0x00000000d5580000)
  object space 1011712K, 86% used [0x0000000080000000,0x00000000b543f020,0x00000000bdc00000)
 Metaspace       used 102320K, committed 105152K, reserved 1179648K
  class space    used 10423K, committed 11712K, reserved 1048576K
}
Event: 7466.069 GC heap after
{Heap after GC invocations=3003 (full 6):
 PSYoungGen      total 17408K, used 994K [0x00000000d5580000, 0x00000000d8680000, 0x0000000100000000)
  eden space 16384K, 0% used [0x00000000d5580000,0x00000000d5580000,0x00000000d6580000)
  from space 1024K, 97% used [0x00000000d6900000,0x00000000d69f8a40,0x00000000d6a00000)
  to   space 16896K, 0% used [0x00000000d7600000,0x00000000d7600000,0x00000000d8680000)
 ParOldGen       total 1011712K, used 887609K [0x0000000080000000, 0x00000000bdc00000, 0x00000000d5580000)
  object space 1011712K, 87% used [0x0000000080000000,0x00000000b62ce4c8,0x00000000bdc00000)
 Metaspace       used 102320K, committed 105152K, reserved 1179648K
  class space    used 10423K, committed 11712K, reserved 1048576K
}
Event: 7467.434 GC heap before
{Heap before GC invocations=3004 (full 6):
 PSYoungGen      total 17408K, used 17378K [0x00000000d5580000, 0x00000000d8680000, 0x0000000100000000)
  eden space 16384K, 100% used [0x00000000d5580000,0x00000000d6580000,0x00000000d6580000)
  from space 1024K, 97% used [0x00000000d6900000,0x00000000d69f8a40,0x00000000d6a00000)
  to   space 16896K, 0% used [0x00000000d7600000,0x00000000d7600000,0x00000000d8680000)
 ParOldGen       total 1011712K, used 887609K [0x0000000080000000, 0x00000000bdc00000, 0x00000000d5580000)
  object space 1011712K, 87% used [0x0000000080000000,0x00000000b62ce4c8,0x00000000bdc00000)
 Metaspace       used 102320K, committed 105152K, reserved 1179648K
  class space    used 10423K, committed 11712K, reserved 1048576K
}
Event: 7467.455 GC heap after
{Heap after GC invocations=3004 (full 6):
 PSYoungGen      total 28672K, used 11884K [0x00000000d5580000, 0x00000000d8200000, 0x0000000100000000)
  eden space 16384K, 0% used [0x00000000d5580000,0x00000000d5580000,0x00000000d6580000)
  from space 12288K, 96% used [0x00000000d7600000,0x00000000d819b270,0x00000000d8200000)
  to   space 13824K, 0% used [0x00000000d6700000,0x00000000d6700000,0x00000000d7480000)
 ParOldGen       total 1011712K, used 888594K [0x0000000080000000, 0x00000000bdc00000, 0x00000000d5580000)
  object space 1011712K, 87% used [0x0000000080000000,0x00000000b63c4b28,0x00000000bdc00000)
 Metaspace       used 102320K, committed 105152K, reserved 1179648K
  class space    used 10423K, committed 11712K, reserved 1048576K
}
Event: 7467.909 GC heap before
{Heap before GC invocations=3005 (full 6):
 PSYoungGen      total 28672K, used 28268K [0x00000000d5580000, 0x00000000d8200000, 0x0000000100000000)
  eden space 16384K, 100% used [0x00000000d5580000,0x00000000d6580000,0x00000000d6580000)
  from space 12288K, 96% used [0x00000000d7600000,0x00000000d819b270,0x00000000d8200000)
  to   space 13824K, 0% used [0x00000000d6700000,0x00000000d6700000,0x00000000d7480000)
 ParOldGen       total 1011712K, used 888594K [0x0000000080000000, 0x00000000bdc00000, 0x00000000d5580000)
  object space 1011712K, 87% used [0x0000000080000000,0x00000000b63c4b28,0x00000000bdc00000)
 Metaspace       used 102320K, committed 105152K, reserved 1179648K
  class space    used 10423K, committed 11712K, reserved 1048576K
}
Event: 7467.971 GC heap after
{Heap after GC invocations=3005 (full 6):
 PSYoungGen      total 18432K, used 1920K [0x00000000d5580000, 0x00000000d7680000, 0x0000000100000000)
  eden space 16384K, 0% used [0x00000000d5580000,0x00000000d5580000,0x00000000d6580000)
  from space 2048K, 93% used [0x00000000d6700000,0x00000000d68e0000,0x00000000d6900000)
  to   space 6144K, 0% used [0x00000000d7080000,0x00000000d7080000,0x00000000d7680000)
 ParOldGen       total 1011712K, used 900434K [0x0000000080000000, 0x00000000bdc00000, 0x00000000d5580000)
  object space 1011712K, 89% used [0x0000000080000000,0x00000000b6f54918,0x00000000bdc00000)
 Metaspace       used 102320K, committed 105152K, reserved 1179648K
  class space    used 10423K, committed 11712K, reserved 1048576K
}
Event: 7469.227 GC heap before
{Heap before GC invocations=3006 (full 6):
 PSYoungGen      total 18432K, used 18304K [0x00000000d5580000, 0x00000000d7680000, 0x0000000100000000)
  eden space 16384K, 100% used [0x00000000d5580000,0x00000000d6580000,0x00000000d6580000)
  from space 2048K, 93% used [0x00000000d6700000,0x00000000d68e0000,0x00000000d6900000)
  to   space 6144K, 0% used [0x00000000d7080000,0x00000000d7080000,0x00000000d7680000)
 ParOldGen       total 1011712K, used 900434K [0x0000000080000000, 0x00000000bdc00000, 0x00000000d5580000)
  object space 1011712K, 89% used [0x0000000080000000,0x00000000b6f54918,0x00000000bdc00000)
 Metaspace       used 102324K, committed 105152K, reserved 1179648K
  class space    used 10423K, committed 11712K, reserved 1048576K
}
Event: 7469.243 GC heap after
{Heap after GC invocations=3006 (full 6):
 PSYoungGen      total 17920K, used 1264K [0x00000000d5580000, 0x00000000d7200000, 0x0000000100000000)
  eden space 16384K, 0% used [0x00000000d5580000,0x00000000d5580000,0x00000000d6580000)
  from space 1536K, 82% used [0x00000000d7080000,0x00000000d71bc010,0x00000000d7200000)
  to   space 2560K, 0% used [0x00000000d6d00000,0x00000000d6d00000,0x00000000d6f80000)
 ParOldGen       total 1011712K, used 902278K [0x0000000080000000, 0x00000000bdc00000, 0x00000000d5580000)
  object space 1011712K, 89% used [0x0000000080000000,0x00000000b7121938,0x00000000bdc00000)
 Metaspace       used 102324K, committed 105152K, reserved 1179648K
  class space    used 10423K, committed 11712K, reserved 1048576K
}

Dll operation events (14 events):
Event: 0.066 Loaded shared library c:\Users\robin\.vscode\extensions\redhat.java-1.53.0-win32-x64\jre\21.0.10-win32-x86_64\bin\java.dll
Event: 2.104 Loaded shared library c:\Users\robin\.vscode\extensions\redhat.java-1.53.0-win32-x64\jre\21.0.10-win32-x86_64\bin\zip.dll
Event: 2.198 Loaded shared library C:\Users\robin\.vscode\extensions\redhat.java-1.53.0-win32-x64\jre\21.0.10-win32-x86_64\bin\instrument.dll
Event: 2.203 Loaded shared library C:\Users\robin\.vscode\extensions\redhat.java-1.53.0-win32-x64\jre\21.0.10-win32-x86_64\bin\net.dll
Event: 2.205 Loaded shared library C:\Users\robin\.vscode\extensions\redhat.java-1.53.0-win32-x64\jre\21.0.10-win32-x86_64\bin\nio.dll
Event: 2.207 Loaded shared library C:\Users\robin\.vscode\extensions\redhat.java-1.53.0-win32-x64\jre\21.0.10-win32-x86_64\bin\zip.dll
Event: 2.422 Loaded shared library C:\Users\robin\.vscode\extensions\redhat.java-1.53.0-win32-x64\jre\21.0.10-win32-x86_64\bin\jimage.dll
Event: 3.475 Loaded shared library c:\Users\robin\.vscode\extensions\redhat.java-1.53.0-win32-x64\jre\21.0.10-win32-x86_64\bin\verify.dll
Event: 10.377 Loaded shared library C:\Users\robin\AppData\Roaming\Code\User\globalStorage\redhat.java\1.53.0\config_win\org.eclipse.equinox.launcher\org.eclipse.equinox.launcher.win32.win32.x86_64_1.3.0.v20260203-2149\eclipse_11919.dll
Event: 27.173 Loaded shared library C:\Users\robin\.vscode\extensions\redhat.java-1.53.0-win32-x64\jre\21.0.10-win32-x86_64\bin\management.dll
Event: 27.179 Loaded shared library C:\Users\robin\.vscode\extensions\redhat.java-1.53.0-win32-x64\jre\21.0.10-win32-x86_64\bin\management_ext.dll
Event: 31.072 Loaded shared library C:\Users\robin\AppData\Local\Temp\jna-108685738\jna7232215651728166582.dll
Event: 32.150 Loaded shared library C:\Users\robin\.vscode\extensions\redhat.java-1.53.0-win32-x64\jre\21.0.10-win32-x86_64\bin\sunmscapi.dll
Event: 32.828 Loaded shared library C:\Users\robin\.vscode\extensions\redhat.java-1.53.0-win32-x64\jre\21.0.10-win32-x86_64\bin\extnet.dll

Deoptimization events (20 events):
Event: 7459.687 Thread 0x0000016d78729f60 Uncommon trap: trap_request=0xffffff45 fr.pc=0x0000016d2256e9f8 relative=0x00000000000006d8
Event: 7459.689 Thread 0x0000016d78729f60 Uncommon trap: reason=unstable_if action=reinterpret pc=0x0000016d2256e9f8 method=java.util.ImmutableCollections$SetN.contains(Ljava/lang/Object;)Z @ 9 c2
Event: 7459.690 Thread 0x0000016d78729f60 DEOPT PACKING pc=0x0000016d2256e9f8 sp=0x00000011f6efded0
Event: 7459.699 Thread 0x0000016d78729f60 DEOPT UNPACKING pc=0x0000016d217e6da2 sp=0x00000011f6efde90 mode 2
Event: 7462.840 Thread 0x0000016d7771a2b0 Uncommon trap: trap_request=0xffffffd6 fr.pc=0x0000016d220de204 relative=0x0000000000002324
Event: 7462.844 Thread 0x0000016d7771a2b0 Uncommon trap: reason=array_check action=maybe_recompile pc=0x0000016d220de204 method=org.eclipse.core.internal.events.NodeIDMap.put(JLorg/eclipse/core/runtime/IPath;Lorg/eclipse/core/runtime/IPath;)V @ 99 c2
Event: 7462.845 Thread 0x0000016d7771a2b0 DEOPT PACKING pc=0x0000016d220de204 sp=0x00000011f68fe670
Event: 7462.846 Thread 0x0000016d7771a2b0 DEOPT UNPACKING pc=0x0000016d217e6da2 sp=0x00000011f68fe430 mode 2
Event: 7462.847 Thread 0x0000016d7771a2b0 Uncommon trap: trap_request=0xffffffd6 fr.pc=0x0000016d229d0964 relative=0x0000000000000424
Event: 7462.847 Thread 0x0000016d7771a2b0 Uncommon trap: reason=array_check action=maybe_recompile pc=0x0000016d229d0964 method=org.eclipse.core.internal.events.NodeIDMap.put(JLorg/eclipse/core/runtime/IPath;Lorg/eclipse/core/runtime/IPath;)V @ 99 c2
Event: 7462.847 Thread 0x0000016d7771a2b0 DEOPT PACKING pc=0x0000016d229d0964 sp=0x00000011f68fe4c0
Event: 7462.852 Thread 0x0000016d7771a2b0 DEOPT UNPACKING pc=0x0000016d217e6da2 sp=0x00000011f68fe438 mode 2
Event: 7462.852 Thread 0x0000016d7771a2b0 Uncommon trap: trap_request=0xffffffd6 fr.pc=0x0000016d220ddfc0 relative=0x00000000000020e0
Event: 7462.852 Thread 0x0000016d7771a2b0 Uncommon trap: reason=array_check action=maybe_recompile pc=0x0000016d220ddfc0 method=org.eclipse.core.internal.events.NodeIDMap.put(JLorg/eclipse/core/runtime/IPath;Lorg/eclipse/core/runtime/IPath;)V @ 99 c2
Event: 7462.852 Thread 0x0000016d7771a2b0 DEOPT PACKING pc=0x0000016d220ddfc0 sp=0x00000011f68fe4e0
Event: 7462.852 Thread 0x0000016d7771a2b0 DEOPT UNPACKING pc=0x0000016d217e6da2 sp=0x00000011f68fe370 mode 2
Event: 7463.669 Thread 0x0000016d6f7fddf0 Uncommon trap: trap_request=0xffffff45 fr.pc=0x0000016d2372c7b4 relative=0x0000000000001e74
Event: 7463.670 Thread 0x0000016d6f7fddf0 Uncommon trap: reason=unstable_if action=reinterpret pc=0x0000016d2372c7b4 method=java.util.zip.ZipFile$CleanableResource.run()V @ 182 c2
Event: 7463.670 Thread 0x0000016d6f7fddf0 DEOPT PACKING pc=0x0000016d2372c7b4 sp=0x00000011f60ff2a0
Event: 7463.670 Thread 0x0000016d6f7fddf0 DEOPT UNPACKING pc=0x0000016d217e6da2 sp=0x00000011f60ff2b0 mode 2

Classes loaded (20 events):
Event: 3380.600 Loading class sun/security/ssl/SSLBasicKeyDerivation
Event: 3380.606 Loading class sun/security/ssl/SSLBasicKeyDerivation done
Event: 3380.606 Loading class sun/security/ssl/SSLBasicKeyDerivation$SecretSizeSpec
Event: 3380.609 Loading class sun/security/ssl/SSLBasicKeyDerivation$SecretSizeSpec done
Event: 3380.634 Loading class sun/security/ssl/CipherSuite$1
Event: 3380.634 Loading class sun/security/ssl/CipherSuite$1 done
Event: 3381.482 Loading class java/util/stream/ReduceOps$6
Event: 3381.484 Loading class java/util/stream/ReduceOps$6 done
Event: 3381.485 Loading class java/util/stream/ReduceOps$5ReducingSink
Event: 3381.492 Loading class java/util/stream/ReduceOps$5ReducingSink done
Event: 3381.812 Loading class sun/security/ssl/NewSessionTicket$T13NewSessionTicketMessage
Event: 3381.818 Loading class sun/security/ssl/NewSessionTicket$T13NewSessionTicketMessage done
Event: 3381.898 Loading class java/util/stream/FindOps$FindSink$OfLong
Event: 3381.904 Loading class java/util/stream/FindOps$FindSink$OfLong done
Event: 3381.917 Loading class java/util/OptionalLong
Event: 3381.920 Loading class java/util/OptionalLong done
Event: 3381.998 Loading class java/nio/HeapByteBufferR
Event: 3382.001 Loading class java/nio/HeapByteBufferR done
Event: 4441.714 Loading class java/nio/channels/CompletionHandler
Event: 4441.718 Loading class java/nio/channels/CompletionHandler done

Classes unloaded (20 events):
Event: 4400.694 Thread 0x0000016d1711b040 Unloading class 0x0000016d2f81a258 'org/mapstruct/ap/spi/MapStructProcessingEnvironment'
Event: 4400.694 Thread 0x0000016d1711b040 Unloading class 0x0000016d2f81a000 'org/mapstruct/ap/internal/option/Options'
Event: 4400.694 Thread 0x0000016d1711b040 Unloading class 0x0000016d2f814c68 'org/mapstruct/ap/internal/util/AnnotationProcessingException'
Event: 4400.694 Thread 0x0000016d1711b040 Unloading class 0x0000016d2f814a68 'org/mapstruct/ap/internal/processor/ModelElementProcessor$ProcessorContext'
Event: 4400.695 Thread 0x0000016d1711b040 Unloading class 0x0000016d2f814800 'org/mapstruct/ap/spi/TypeHierarchyErroneousException'
Event: 4400.696 Thread 0x0000016d1711b040 Unloading class 0x0000016d2f7c8c00 'org/mapstruct/ap/MappingProcessor'
Event: 4400.697 Thread 0x0000016d1711b040 Unloading class 0x0000016d2f721000 'jdk/internal/reflect/GeneratedSerializationConstructorAccessor12'
Event: 4400.697 Thread 0x0000016d1711b040 Unloading class 0x0000016d2f720c00 'jdk/internal/reflect/GeneratedSerializationConstructorAccessor11'
Event: 4400.697 Thread 0x0000016d1711b040 Unloading class 0x0000016d2f664400 'java/lang/invoke/LambdaForm$MH+0x0000016d2f664400'
Event: 4400.698 Thread 0x0000016d1711b040 Unloading class 0x0000016d2f68cc00 'jdk/internal/reflect/GeneratedSerializationConstructorAccessor7'
Event: 4400.699 Thread 0x0000016d1711b040 Unloading class 0x0000016d2f68c800 'jdk/internal/reflect/GeneratedSerializationConstructorAccessor6'
Event: 4400.699 Thread 0x0000016d1711b040 Unloading class 0x0000016d2f68c400 'jdk/internal/reflect/GeneratedSerializationConstructorAccessor5'
Event: 4400.699 Thread 0x0000016d1711b040 Unloading class 0x0000016d2f68c000 'jdk/internal/reflect/GeneratedSerializationConstructorAccessor4'
Event: 4400.699 Thread 0x0000016d1711b040 Unloading class 0x0000016d2f648c00 'java/lang/invoke/LambdaForm$MH+0x0000016d2f648c00'
Event: 4400.699 Thread 0x0000016d1711b040 Unloading class 0x0000016d2f648800 'java/lang/invoke/LambdaForm$MH+0x0000016d2f648800'
Event: 4400.700 Thread 0x0000016d1711b040 Unloading class 0x0000016d2f648000 'java/lang/invoke/LambdaForm$MH+0x0000016d2f648000'
Event: 4400.700 Thread 0x0000016d1711b040 Unloading class 0x0000016d2f63d000 'java/lang/invoke/LambdaForm$MH+0x0000016d2f63d000'
Event: 4400.700 Thread 0x0000016d1711b040 Unloading class 0x0000016d2f628000 'jdk/internal/reflect/GeneratedSerializationConstructorAccessor3'
Event: 4400.701 Thread 0x0000016d1711b040 Unloading class 0x0000016d2f2eb000 'java/lang/invoke/LambdaForm$MH+0x0000016d2f2eb000'
Event: 4400.701 Thread 0x0000016d1711b040 Unloading class 0x0000016d2f1b0800 'java/lang/invoke/LambdaForm$MH+0x0000016d2f1b0800'

Classes redefined (0 events):
No events

Internal exceptions (20 events):
Event: 7222.994 Thread 0x0000016d7872a5f0 Exception <a 'java/lang/NoSuchMethodError'{0x00000000d5b4fa88}: 'java.lang.Object java.lang.invoke.DirectMethodHandle$Holder.invokeStatic(java.lang.Object, int, java.lang.Object)'> (0x00000000d5b4fa88) 
thrown [s\src\hotspot\share\interpreter\linkResolver.cpp, line 773]
Event: 7446.703 Thread 0x0000016d7489a640 Exception <a 'sun/nio/fs/WindowsException'{0x00000000d6496598}> (0x00000000d6496598) 
thrown [s\src\hotspot\share\prims\jni.cpp, line 520]
Event: 7448.702 Thread 0x0000016d7489a640 Exception <a 'sun/nio/fs/WindowsException'{0x00000000d65129f0}> (0x00000000d65129f0) 
thrown [s\src\hotspot\share\prims\jni.cpp, line 520]
Event: 7454.447 Thread 0x0000016d78729f60 Exception <a 'java/io/IOException'{0x00000000d5fb8670}> (0x00000000d5fb8670) 
thrown [s\src\hotspot\share\prims\jni.cpp, line 520]
Event: 7460.844 Thread 0x0000016d7771a2b0 Exception <a 'sun/nio/fs/WindowsException'{0x00000000d6454fc8}> (0x00000000d6454fc8) 
thrown [s\src\hotspot\share\prims\jni.cpp, line 520]
Event: 7461.165 Thread 0x0000016d75590e30 Exception <a 'sun/nio/fs/WindowsException'{0x00000000d6460310}> (0x00000000d6460310) 
thrown [s\src\hotspot\share\prims\jni.cpp, line 520]
Event: 7461.244 Thread 0x0000016d75590e30 Exception <a 'sun/nio/fs/WindowsException'{0x00000000d64616b0}> (0x00000000d64616b0) 
thrown [s\src\hotspot\share\prims\jni.cpp, line 520]
Event: 7461.254 Thread 0x0000016d75590e30 Exception <a 'sun/nio/fs/WindowsException'{0x00000000d6462898}> (0x00000000d6462898) 
thrown [s\src\hotspot\share\prims\jni.cpp, line 520]
Event: 7461.259 Thread 0x0000016d75590e30 Exception <a 'sun/nio/fs/WindowsException'{0x00000000d64660d0}> (0x00000000d64660d0) 
thrown [s\src\hotspot\share\prims\jni.cpp, line 520]
Event: 7461.274 Thread 0x0000016d75594fd0 Exception <a 'sun/nio/fs/WindowsException'{0x00000000d64a2730}> (0x00000000d64a2730) 
thrown [s\src\hotspot\share\prims\jni.cpp, line 520]
Event: 7461.282 Thread 0x0000016d75595660 Exception <a 'sun/nio/fs/WindowsException'{0x00000000d64a92f8}> (0x00000000d64a92f8) 
thrown [s\src\hotspot\share\prims\jni.cpp, line 520]
Event: 7461.282 Thread 0x0000016d7558fa80 Exception <a 'sun/nio/fs/WindowsException'{0x00000000d6493000}> (0x00000000d6493000) 
thrown [s\src\hotspot\share\prims\jni.cpp, line 520]
Event: 7461.330 Thread 0x0000016d75595660 Exception <a 'sun/nio/fs/WindowsException'{0x00000000d64aec38}> (0x00000000d64aec38) 
thrown [s\src\hotspot\share\prims\jni.cpp, line 520]
Event: 7461.331 Thread 0x0000016d75594fd0 Exception <a 'sun/nio/fs/WindowsException'{0x00000000d64a4a88}> (0x00000000d64a4a88) 
thrown [s\src\hotspot\share\prims\jni.cpp, line 520]
Event: 7461.389 Thread 0x0000016d75594fd0 Exception <a 'sun/nio/fs/WindowsException'{0x00000000d64a6548}> (0x00000000d64a6548) 
thrown [s\src\hotspot\share\prims\jni.cpp, line 520]
Event: 7461.770 Thread 0x0000016d75594fd0 Exception <a 'sun/nio/fs/WindowsException'{0x00000000d64fef30}> (0x00000000d64fef30) 
thrown [s\src\hotspot\share\prims\jni.cpp, line 520]
Event: 7462.314 Thread 0x0000016d7558fa80 Exception <a 'sun/nio/fs/WindowsException'{0x00000000d65172c0}> (0x00000000d65172c0) 
thrown [s\src\hotspot\share\prims\jni.cpp, line 520]
Event: 7462.364 Thread 0x0000016d7558fa80 Exception <a 'sun/nio/fs/WindowsException'{0x00000000d651ac28}> (0x00000000d651ac28) 
thrown [s\src\hotspot\share\prims\jni.cpp, line 520]
Event: 7464.258 Thread 0x0000016d7489a640 Exception <a 'sun/nio/fs/WindowsException'{0x00000000d57f1d20}> (0x00000000d57f1d20) 
thrown [s\src\hotspot\share\prims\jni.cpp, line 520]
Event: 7466.495 Thread 0x0000016d7489a640 Exception <a 'sun/nio/fs/WindowsException'{0x00000000d6104f00}> (0x00000000d6104f00) 
thrown [s\src\hotspot\share\prims\jni.cpp, line 520]

ZGC Phase Switch (0 events):
No events

VM Operations (20 events):
Event: 7460.446 Executing safepoint VM operation: Cleanup
Event: 7460.450 Executing safepoint VM operation: Cleanup done
Event: 7461.450 Executing safepoint VM operation: Cleanup
Event: 7461.452 Executing safepoint VM operation: Cleanup done
Event: 7463.094 Executing safepoint VM operation: ParallelGCFailedAllocation (Allocation Failure)
Event: 7463.665 Executing safepoint VM operation: ParallelGCFailedAllocation (Allocation Failure) done
Event: 7464.665 Executing safepoint VM operation: Cleanup
Event: 7464.686 Executing safepoint VM operation: Cleanup done
Event: 7464.848 Executing safepoint VM operation: ParallelGCFailedAllocation (Allocation Failure)
Event: 7464.988 Executing safepoint VM operation: ParallelGCFailedAllocation (Allocation Failure) done
Event: 7465.927 Executing safepoint VM operation: ParallelGCFailedAllocation (Allocation Failure)
Event: 7466.069 Executing safepoint VM operation: ParallelGCFailedAllocation (Allocation Failure) done
Event: 7467.083 Executing safepoint VM operation: Cleanup
Event: 7467.090 Executing safepoint VM operation: Cleanup done
Event: 7467.434 Executing safepoint VM operation: ParallelGCFailedAllocation (Allocation Failure)
Event: 7467.455 Executing safepoint VM operation: ParallelGCFailedAllocation (Allocation Failure) done
Event: 7467.909 Executing safepoint VM operation: ParallelGCFailedAllocation (Allocation Failure)
Event: 7467.971 Executing safepoint VM operation: ParallelGCFailedAllocation (Allocation Failure) done
Event: 7469.224 Executing safepoint VM operation: ParallelGCFailedAllocation (Allocation Failure)
Event: 7469.243 Executing safepoint VM operation: ParallelGCFailedAllocation (Allocation Failure) done

Memory protections (0 events):
No events

Nmethod flushes (20 events):
Event: 4407.715 Thread 0x0000016d1711b040 flushing  nmethod 0x0000016d1d485710
Event: 4407.715 Thread 0x0000016d1711b040 flushing  nmethod 0x0000016d1d489510
Event: 4407.715 Thread 0x0000016d1711b040 flushing  nmethod 0x0000016d1d4a3b90
Event: 4407.717 Thread 0x0000016d1711b040 flushing  nmethod 0x0000016d1d4f0310
Event: 4407.717 Thread 0x0000016d1711b040 flushing  nmethod 0x0000016d1d4fc890
Event: 4407.717 Thread 0x0000016d1711b040 flushing osr nmethod 0x0000016d1d536910
Event: 4407.717 Thread 0x0000016d1711b040 flushing  nmethod 0x0000016d1d538d90
Event: 4407.718 Thread 0x0000016d1711b040 flushing osr nmethod 0x0000016d1d53b390
Event: 4407.718 Thread 0x0000016d1711b040 flushing  nmethod 0x0000016d1d54f110
Event: 4407.718 Thread 0x0000016d1711b040 flushing  nmethod 0x0000016d1d58f690
Event: 4407.719 Thread 0x0000016d1711b040 flushing  nmethod 0x0000016d1d5c4c10
Event: 4407.719 Thread 0x0000016d1711b040 flushing  nmethod 0x0000016d1d5ce310
Event: 4407.720 Thread 0x0000016d1711b040 flushing osr nmethod 0x0000016d1d5d1b90
Event: 4407.720 Thread 0x0000016d1711b040 flushing  nmethod 0x0000016d1d60f390
Event: 4407.720 Thread 0x0000016d1711b040 flushing  nmethod 0x0000016d1d627190
Event: 4407.720 Thread 0x0000016d1711b040 flushing  nmethod 0x0000016d1d630a90
Event: 4407.720 Thread 0x0000016d1711b040 flushing  nmethod 0x0000016d1d698a90
Event: 4407.721 Thread 0x0000016d1711b040 flushing  nmethod 0x0000016d1d698f90
Event: 4407.721 Thread 0x0000016d1711b040 flushing  nmethod 0x0000016d1d6a3510
Event: 4407.721 Thread 0x0000016d1711b040 flushing  nmethod 0x0000016d1d6d4390

Events (20 events):
Event: 7113.804 Thread 0x0000016d7872d3e0 Thread added: 0x0000016d7872ac80
Event: 7114.609 Thread 0x0000016d75ee7580 Thread added: 0x0000016d7872b310
Event: 7114.638 Thread 0x0000016d7872b310 Thread added: 0x0000016d7872da70
Event: 7151.657 Thread 0x0000016d7872ac80 Thread added: 0x0000016d78730ef0
Event: 7337.628 Thread 0x0000016d75594fd0 Thread exited: 0x0000016d75594fd0
Event: 7347.336 Thread 0x0000016d78730ef0 Thread exited: 0x0000016d78730ef0
Event: 7348.326 Thread 0x0000016d7872a5f0 Thread exited: 0x0000016d7872a5f0
Event: 7408.381 Thread 0x0000016d7872da70 Thread exited: 0x0000016d7872da70
Event: 7446.070 Thread 0x0000016d78729f60 Thread added: 0x0000016d777167a0
Event: 7448.265 Thread 0x0000016d7872d3e0 Thread added: 0x0000016d7771a2b0
Event: 7448.958 Thread 0x0000016d78729f60 Thread added: 0x0000016d77717b50
Event: 7449.224 Thread 0x0000016d75ee7580 Thread added: 0x0000016d7771d0a0
Event: 7449.246 Thread 0x0000016d75ee7580 Thread added: 0x0000016d7771ddc0
Event: 7449.316 Thread 0x0000016d7872d3e0 Thread added: 0x0000016d75592f00
Event: 7460.975 Thread 0x0000016d7771a2b0 Thread added: 0x0000016d75590e30
Event: 7461.235 Thread 0x0000016d75590e30 Thread added: 0x0000016d7558fa80
Event: 7461.259 Thread 0x0000016d7558fa80 Thread added: 0x0000016d75594fd0
Event: 7461.268 Thread 0x0000016d75594fd0 Thread added: 0x0000016d75595660
Event: 7464.413 Thread 0x0000016d7771a2b0 Thread added: 0x0000016d75596a10
Event: 7469.762 Thread 0x0000016d7771a2b0 Thread added: 0x0000016d75ee4790


Dynamic libraries:
0x00007ff69a620000 - 0x00007ff69a62e000 	c:\Users\robin\.vscode\extensions\redhat.java-1.53.0-win32-x64\jre\21.0.10-win32-x86_64\bin\java.exe
0x00007ff929be0000 - 0x00007ff929e48000 	C:\WINDOWS\SYSTEM32\ntdll.dll
0x00007ff928090000 - 0x00007ff928159000 	C:\WINDOWS\System32\KERNEL32.DLL
0x00007ff927240000 - 0x00007ff927631000 	C:\WINDOWS\System32\KERNELBASE.dll
0x00007ff927830000 - 0x00007ff92797b000 	C:\WINDOWS\System32\ucrtbase.dll
0x00007ff8fb2c0000 - 0x00007ff8fb2d8000 	c:\Users\robin\.vscode\extensions\redhat.java-1.53.0-win32-x64\jre\21.0.10-win32-x86_64\bin\jli.dll
0x00007ff9299a0000 - 0x00007ff929b66000 	C:\WINDOWS\System32\USER32.dll
0x00007ff926860000 - 0x00007ff926887000 	C:\WINDOWS\System32\win32u.dll
0x00007ff929b70000 - 0x00007ff929b9b000 	C:\WINDOWS\System32\GDI32.dll
0x00007ff927700000 - 0x00007ff92782b000 	C:\WINDOWS\System32\gdi32full.dll
0x00007ff926630000 - 0x00007ff9266d3000 	C:\WINDOWS\System32\msvcp_win.dll
0x00007ff8fb2e0000 - 0x00007ff8fb2fe000 	c:\Users\robin\.vscode\extensions\redhat.java-1.53.0-win32-x64\jre\21.0.10-win32-x86_64\bin\VCRUNTIME140.dll
0x00007ff9255c0000 - 0x00007ff925853000 	C:\WINDOWS\WinSxS\amd64_microsoft.windows.common-controls_6595b64144ccf1df_6.0.26100.7824_none_3e0870b2e3345462\COMCTL32.dll
0x00007ff929640000 - 0x00007ff9296e9000 	C:\WINDOWS\System32\msvcrt.dll
0x00007ff927b60000 - 0x00007ff927b91000 	C:\WINDOWS\System32\IMM32.DLL
0x00007ff91bf30000 - 0x00007ff91bf3c000 	c:\Users\robin\.vscode\extensions\redhat.java-1.53.0-win32-x64\jre\21.0.10-win32-x86_64\bin\vcruntime140_1.dll
0x00007ff8bcd00000 - 0x00007ff8bcd8d000 	c:\Users\robin\.vscode\extensions\redhat.java-1.53.0-win32-x64\jre\21.0.10-win32-x86_64\bin\msvcp140.dll
0x00007ff8560e0000 - 0x00007ff856e81000 	c:\Users\robin\.vscode\extensions\redhat.java-1.53.0-win32-x64\jre\21.0.10-win32-x86_64\bin\server\jvm.dll
0x00007ff9298e0000 - 0x00007ff929994000 	C:\WINDOWS\System32\ADVAPI32.dll
0x00007ff9290f0000 - 0x00007ff929196000 	C:\WINDOWS\System32\sechost.dll
0x00007ff9281f0000 - 0x00007ff928308000 	C:\WINDOWS\System32\RPCRT4.dll
0x00007ff929040000 - 0x00007ff9290b4000 	C:\WINDOWS\System32\WS2_32.dll
0x00007ff926340000 - 0x00007ff92639e000 	C:\WINDOWS\SYSTEM32\POWRPROF.dll
0x00007ff910500000 - 0x00007ff910535000 	C:\WINDOWS\SYSTEM32\WINMM.dll
0x00007ff91e2a0000 - 0x00007ff91e2ab000 	C:\WINDOWS\SYSTEM32\VERSION.dll
0x00007ff926320000 - 0x00007ff926334000 	C:\WINDOWS\SYSTEM32\UMPDC.dll
0x00007ff924b30000 - 0x00007ff924b4b000 	C:\WINDOWS\SYSTEM32\kernel.appcore.dll
0x00007ff91bee0000 - 0x00007ff91beea000 	c:\Users\robin\.vscode\extensions\redhat.java-1.53.0-win32-x64\jre\21.0.10-win32-x86_64\bin\jimage.dll
0x00007ff925ba0000 - 0x00007ff925de2000 	C:\WINDOWS\SYSTEM32\DBGHELP.DLL
0x00007ff927c20000 - 0x00007ff927fa6000 	C:\WINDOWS\System32\combase.dll
0x00007ff9285e0000 - 0x00007ff9286b7000 	C:\WINDOWS\System32\OLEAUT32.dll
0x00007ff925b60000 - 0x00007ff925b9b000 	C:\WINDOWS\SYSTEM32\dbgcore.DLL
0x00007ff926890000 - 0x00007ff926935000 	C:\WINDOWS\System32\bcryptPrimitives.dll
0x00007ff904120000 - 0x00007ff90412f000 	c:\Users\robin\.vscode\extensions\redhat.java-1.53.0-win32-x64\jre\21.0.10-win32-x86_64\bin\instrument.dll
0x00007ff8fb210000 - 0x00007ff8fb230000 	c:\Users\robin\.vscode\extensions\redhat.java-1.53.0-win32-x64\jre\21.0.10-win32-x86_64\bin\java.dll
0x00007ff928860000 - 0x00007ff928fb2000 	C:\WINDOWS\System32\SHELL32.dll
0x00007ff9264c0000 - 0x00007ff92662a000 	C:\WINDOWS\System32\wintypes.dll
0x00007ff9269d0000 - 0x00007ff927233000 	C:\WINDOWS\System32\windows.storage.dll
0x00007ff928310000 - 0x00007ff928406000 	C:\WINDOWS\System32\SHCORE.dll
0x00007ff927ba0000 - 0x00007ff927c07000 	C:\WINDOWS\System32\shlwapi.dll
0x00007ff9263e0000 - 0x00007ff926409000 	C:\WINDOWS\SYSTEM32\profapi.dll
0x00007ff8fb1f0000 - 0x00007ff8fb208000 	c:\Users\robin\.vscode\extensions\redhat.java-1.53.0-win32-x64\jre\21.0.10-win32-x86_64\bin\zip.dll
0x00007ff902ac0000 - 0x00007ff902ad0000 	C:\Users\robin\.vscode\extensions\redhat.java-1.53.0-win32-x64\jre\21.0.10-win32-x86_64\bin\net.dll
0x00007ff91e820000 - 0x00007ff91e947000 	C:\WINDOWS\SYSTEM32\WINHTTP.dll
0x00007ff925070000 - 0x00007ff9250db000 	C:\WINDOWS\system32\mswsock.dll
0x00007ff8faec0000 - 0x00007ff8faed6000 	C:\Users\robin\.vscode\extensions\redhat.java-1.53.0-win32-x64\jre\21.0.10-win32-x86_64\bin\nio.dll
0x00007ff8fd2b0000 - 0x00007ff8fd2c0000 	c:\Users\robin\.vscode\extensions\redhat.java-1.53.0-win32-x64\jre\21.0.10-win32-x86_64\bin\verify.dll
0x00007ff8f59d0000 - 0x00007ff8f5a15000 	C:\Users\robin\AppData\Roaming\Code\User\globalStorage\redhat.java\1.53.0\config_win\org.eclipse.equinox.launcher\org.eclipse.equinox.launcher.win32.win32.x86_64_1.3.0.v20260203-2149\eclipse_11919.dll
0x00007ff9286c0000 - 0x00007ff928857000 	C:\WINDOWS\System32\ole32.dll
0x00007ff8fb360000 - 0x00007ff8fb36a000 	C:\Users\robin\.vscode\extensions\redhat.java-1.53.0-win32-x64\jre\21.0.10-win32-x86_64\bin\management.dll
0x00007ff8faeb0000 - 0x00007ff8faebc000 	C:\Users\robin\.vscode\extensions\redhat.java-1.53.0-win32-x64\jre\21.0.10-win32-x86_64\bin\management_ext.dll
0x00007ff9291a0000 - 0x00007ff9291a8000 	C:\WINDOWS\System32\PSAPI.DLL
0x00007ff925ee0000 - 0x00007ff925efb000 	C:\WINDOWS\SYSTEM32\CRYPTSP.dll
0x00007ff924a90000 - 0x00007ff924ac9000 	C:\WINDOWS\system32\rsaenh.dll
0x00007ff925120000 - 0x00007ff92514b000 	C:\WINDOWS\SYSTEM32\USERENV.dll
0x00007ff9263b0000 - 0x00007ff9263da000 	C:\WINDOWS\SYSTEM32\bcrypt.dll
0x00007ff9253f0000 - 0x00007ff9253fc000 	C:\WINDOWS\SYSTEM32\CRYPTBASE.dll
0x00007ff924560000 - 0x00007ff924594000 	C:\WINDOWS\SYSTEM32\IPHLPAPI.DLL
0x00007ff927c10000 - 0x00007ff927c1a000 	C:\WINDOWS\System32\NSI.dll
0x00007ff8ead00000 - 0x00007ff8ead49000 	C:\Users\robin\AppData\Local\Temp\jna-108685738\jna7232215651728166582.dll
0x00007ff91f0d0000 - 0x00007ff91f0ee000 	C:\WINDOWS\SYSTEM32\dhcpcsvc6.DLL
0x00007ff91f000000 - 0x00007ff91f023000 	C:\WINDOWS\SYSTEM32\dhcpcsvc.DLL
0x00007ff8f6450000 - 0x00007ff8f645e000 	C:\Users\robin\.vscode\extensions\redhat.java-1.53.0-win32-x64\jre\21.0.10-win32-x86_64\bin\sunmscapi.dll
0x00007ff9266e0000 - 0x00007ff926857000 	C:\WINDOWS\System32\CRYPT32.dll
0x00007ff925580000 - 0x00007ff9255b0000 	C:\WINDOWS\SYSTEM32\ncrypt.dll
0x00007ff925530000 - 0x00007ff92556f000 	C:\WINDOWS\SYSTEM32\NTASN1.dll
0x00007ff9245f0000 - 0x00007ff92471c000 	C:\WINDOWS\SYSTEM32\DNSAPI.dll
0x00007ff91e6e0000 - 0x00007ff91e6eb000 	C:\Windows\System32\rasadhlp.dll
0x00007ff91f530000 - 0x00007ff91f5b6000 	C:\WINDOWS\System32\fwpuclnt.dll
0x00007ff8f6440000 - 0x00007ff8f6449000 	C:\Users\robin\.vscode\extensions\redhat.java-1.53.0-win32-x64\jre\21.0.10-win32-x86_64\bin\extnet.dll
0x00007ff8f0a20000 - 0x00007ff8f0a28000 	C:\WINDOWS\system32\wshunix.dll

JVMTI agents:
c:\Users\robin\.vscode\extensions\redhat.java-1.53.0-win32-x64\lombok\lombok-1.18.39-4050.jar path:c:\Users\robin\.vscode\extensions\redhat.java-1.53.0-win32-x64\jre\21.0.10-win32-x86_64\bin\instrument.dll, loaded, initialized, instrumentlib options:none

dbghelp: loaded successfully - version: 4.0.5 - missing functions: none
symbol engine: initialized successfully - sym options: 0x614 - pdb path: .;c:\Users\robin\.vscode\extensions\redhat.java-1.53.0-win32-x64\jre\21.0.10-win32-x86_64\bin;C:\WINDOWS\SYSTEM32;C:\WINDOWS\WinSxS\amd64_microsoft.windows.common-controls_6595b64144ccf1df_6.0.26100.7824_none_3e0870b2e3345462;c:\Users\robin\.vscode\extensions\redhat.java-1.53.0-win32-x64\jre\21.0.10-win32-x86_64\bin\server;C:\Users\robin\AppData\Roaming\Code\User\globalStorage\redhat.java\1.53.0\config_win\org.eclipse.equinox.launcher\org.eclipse.equinox.launcher.win32.win32.x86_64_1.3.0.v20260203-2149;C:\Users\robin\AppData\Local\Temp\jna-108685738

VM Arguments:
jvm_args: --add-modules=ALL-SYSTEM --add-opens=java.base/java.util=ALL-UNNAMED --add-opens=java.base/java.lang=ALL-UNNAMED --add-opens=java.base/sun.nio.fs=ALL-UNNAMED -Declipse.application=org.eclipse.jdt.ls.core.id1 -Dosgi.bundles.defaultStartLevel=4 -Declipse.product=org.eclipse.jdt.ls.core.product -Djava.import.generatesMetadataFilesAtProjectRoot=false -DDetectVMInstallationsJob.disabled=true -Dfile.encoding=utf8 -XX:+UseParallelGC -XX:GCTimeRatio=4 -XX:AdaptiveSizePolicyWeight=90 -Dsun.zip.disableMemoryMapping=true -Xmx2G -Xms100m -Xlog:disable -javaagent:c:\Users\robin\.vscode\extensions\redhat.java-1.53.0-win32-x64\lombok\lombok-1.18.39-4050.jar -XX:+HeapDumpOnOutOfMemoryError -XX:HeapDumpPath=c:\Users\robin\AppData\Roaming\Code\User\workspaceStorage\481f3cc3b0df34cfafc656a464b632d7\redhat.java -Daether.dependencyCollector.impl=bf 
java_command: c:\Users\robin\.vscode\extensions\redhat.java-1.53.0-win32-x64\server\plugins\org.eclipse.equinox.launcher_1.7.100.v20251111-0406.jar -configuration c:\Users\robin\AppData\Roaming\Code\User\globalStorage\redhat.java\1.53.0\config_win -data c:\Users\robin\AppData\Roaming\Code\User\workspaceStorage\481f3cc3b0df34cfafc656a464b632d7\redhat.java\jdt_ws --pipe=\\.\pipe\lsp-f3acf3d6f1ab848f0f2291bcab2101b2-sock
java_class_path (initial): c:\Users\robin\.vscode\extensions\redhat.java-1.53.0-win32-x64\server\plugins\org.eclipse.equinox.launcher_1.7.100.v20251111-0406.jar
Launcher Type: SUN_STANDARD

[Global flags]
    uintx AdaptiveSizePolicyWeight                 = 90                                        {product} {command line}
     intx CICompilerCount                          = 3                                         {product} {ergonomic}
    uintx GCTimeRatio                              = 4                                         {product} {command line}
     bool HeapDumpOnOutOfMemoryError               = true                                   {manageable} {command line}
    ccstr HeapDumpPath                             = c:\Users\robin\AppData\Roaming\Code\User\workspaceStorage\481f3cc3b0df34cfafc656a464b632d7\redhat.java         {manageable} {command line}
   size_t InitialHeapSize                          = 104857600                                 {product} {command line}
   size_t MaxHeapSize                              = 2147483648                                {product} {command line}
   size_t MaxNewSize                               = 715653120                                 {product} {ergonomic}
   size_t MinHeapDeltaBytes                        = 524288                                    {product} {ergonomic}
   size_t MinHeapSize                              = 104857600                                 {product} {command line}
   size_t NewSize                                  = 34603008                                  {product} {ergonomic}
    uintx NonNMethodCodeHeapSize                   = 5832780                                {pd product} {ergonomic}
    uintx NonProfiledCodeHeapSize                  = 122912730                              {pd product} {ergonomic}
   size_t OldSize                                  = 70254592                                  {product} {ergonomic}
    uintx ProfiledCodeHeapSize                     = 122912730                              {pd product} {ergonomic}
    uintx ReservedCodeCacheSize                    = 251658240                              {pd product} {ergonomic}
     bool SegmentedCodeCache                       = true                                      {product} {ergonomic}
   size_t SoftMaxHeapSize                          = 2147483648                             {manageable} {ergonomic}
     bool UseCompressedOops                        = true                           {product lp64_product} {ergonomic}
     bool UseLargePagesIndividualAllocation        = false                                  {pd product} {ergonomic}
     bool UseParallelGC                            = true                                      {product} {command line}

Logging:
Log output configuration:
 #0: stdout all=off uptime,level,tags foldmultilines=false
 #1: stderr all=off uptime,level,tags foldmultilines=false

Release file:
JAVA_VERSION="21.0.10" 
MODULES="java.base java.compiler java.datatransfer java.xml java.prefs java.desktop java.instrument java.logging java.management java.security.sasl java.naming java.rmi java.management.rmi java.net.http java.scripting java.security.jgss java.transaction.xa java.sql java.sql.rowset java.xml.crypto java.se java.smartcardio jdk.accessibility jdk.internal.jvmstat jdk.attach jdk.charsets jdk.internal.opt jdk.zipfs jdk.compiler jdk.crypto.ec jdk.crypto.cryptoki jdk.crypto.mscapi jdk.dynalink jdk.internal.ed jdk.editpad jdk.hotspot.agent jdk.httpserver jdk.internal.le jdk.internal.vm.ci jdk.internal.vm.compiler jdk.internal.vm.compiler.management jdk.jartool jdk.javadoc jdk.jcmd jdk.management jdk.management.agent jdk.jconsole jdk.jdeps jdk.jdwp.agent jdk.jdi jdk.jfr jdk.jshell jdk.jsobject jdk.jstatd jdk.localedata jdk.management.jfr jdk.naming.dns jdk.naming.rmi jdk.net jdk.nio.mapmode jdk.random jdk.sctp jdk.security.auth jdk.security.jgss jdk.unsupported jdk.unsupported.desktop jdk.xml.dom" 

Environment Variables:
PATH=C:\Program Files\Common Files\Oracle\Java\javapath;C:\WINDOWS\system32;C:\WINDOWS;C:\WINDOWS\System32\Wbem;C:\WINDOWS\System32\WindowsPowerShell\v1.0\;C:\WINDOWS\System32\OpenSSH\;C:\Program Files\Git\cmd;C:\Program Files\nodejs\;C:\Users\robin\AppData\Local\Microsoft\WindowsApps;C:\Users\robin\AppData\Local\Programs\Microsoft VS Code\bin;C:\Program Files\JetBrains\IntelliJ IDEA Community Edition 2025.2.4\bin;C:\Users\robin\AppData\Roaming\npm
USERNAME=robin
OS=Windows_NT
PROCESSOR_IDENTIFIER=Intel64 Family 6 Model 126 Stepping 5, GenuineIntel
TMP=C:\Users\robin\AppData\Local\Temp
TEMP=C:\Users\robin\AppData\Local\Temp




Periodic native trim disabled

---------------  S Y S T E M  ---------------

OS:
 Windows 11 , 64 bit Build 26100 (10.0.26100.7705)
OS uptime: 0 days 15:28 hours

CPU: total 4 (initial active 4) (2 cores per cpu, 2 threads per core) family 6 model 126 stepping 5 microcode 0xa0, cx8, cmov, fxsr, ht, mmx, 3dnowpref, sse, sse2, sse3, ssse3, sse4.1, sse4.2, popcnt, lzcnt, tsc, tscinvbit, avx, avx2, aes, erms, clmul, bmi1, bmi2, adx, avx512f, avx512dq, avx512cd, avx512bw, avx512vl, sha, fma, vzeroupper, avx512_vpopcntdq, avx512_vpclmulqdq, avx512_vaes, avx512_vnni, clflush, clflushopt, avx512_vbmi2, avx512_vbmi, rdtscp, rdpid, fsrm, gfni, avx512_bitalg, f16c, pku, avx512_ifma
Processor Information for processor 0
  Max Mhz: 1190, Current Mhz: 991, Mhz Limit: 1190
Processor Information for processor 1
  Max Mhz: 1190, Current Mhz: 1190, Mhz Limit: 1190
Processor Information for processor 2
  Max Mhz: 1190, Current Mhz: 991, Mhz Limit: 1190
Processor Information for processor 3
  Max Mhz: 1190, Current Mhz: 1190, Mhz Limit: 1190

Memory: 4k page, system-wide physical 3787M (182M free)
TotalPageFile size 12832M (AvailPageFile size 2M)
current process WorkingSet (physical memory assigned to process): 245M, peak: 465M
current process commit charge ("private bytes"): 1415M, peak: 1439M

vm_info: OpenJDK 64-Bit Server VM (21.0.10+7-LTS) for windows-amd64 JRE (21.0.10+7-LTS), built on 2026-01-20T00:00:00Z by "admin" with MS VC++ 17.12 (VS2022)

END.
